Archive member included to satisfy reference by file (symbol)

C:\Users\Nick\Desktop\stm32M0\eclipseWorkSpace\nucleo-f072rb_stdperiph_lib\Release\libnucleo-f072rb_stdperiph_lib.a(stm32f0xx_gpio.o)
                              src/main.o (GPIO_Init)
C:\Users\Nick\Desktop\stm32M0\eclipseWorkSpace\nucleo-f072rb_stdperiph_lib\Release\libnucleo-f072rb_stdperiph_lib.a(stm32f0xx_rcc.o)
                              src/main.o (RCC_AHBPeriphClockCmd)
C:\Users\Nick\Desktop\stm32M0\eclipseWorkSpace\nucleo-f072rb_stdperiph_lib\Release\libnucleo-f072rb_stdperiph_lib.a(stm32f0xx_usart.o)
                              src/main.o (USART_Init)
c:/ac6/systemworkbench/plugins/fr.ac6.mcu.externaltools.arm-none.win32_1.12.0.201611241417/tools/compiler/bin/../lib/gcc/arm-none-eabi/5.4.1/armv6-m\libgcc.a(_udivsi3.o)
                              src/system_stm32f0xx.o (__aeabi_uidiv)
c:/ac6/systemworkbench/plugins/fr.ac6.mcu.externaltools.arm-none.win32_1.12.0.201611241417/tools/compiler/bin/../lib/gcc/arm-none-eabi/5.4.1/armv6-m\libgcc.a(_dvmd_tls.o)
                              c:/ac6/systemworkbench/plugins/fr.ac6.mcu.externaltools.arm-none.win32_1.12.0.201611241417/tools/compiler/bin/../lib/gcc/arm-none-eabi/5.4.1/armv6-m\libgcc.a(_udivsi3.o) (__aeabi_idiv0)
c:/ac6/systemworkbench/plugins/fr.ac6.mcu.externaltools.arm-none.win32_1.12.0.201611241417/tools/compiler/bin/../lib/gcc/arm-none-eabi/5.4.1/../../../../arm-none-eabi/lib/armv6-m\libc.a(lib_a-errno.o)
                              src/syscalls.o (__errno)
c:/ac6/systemworkbench/plugins/fr.ac6.mcu.externaltools.arm-none.win32_1.12.0.201611241417/tools/compiler/bin/../lib/gcc/arm-none-eabi/5.4.1/../../../../arm-none-eabi/lib/armv6-m\libc.a(lib_a-exit.o)
                              c:/ac6/systemworkbench/plugins/fr.ac6.mcu.externaltools.arm-none.win32_1.12.0.201611241417/tools/compiler/bin/../lib/gcc/arm-none-eabi/5.4.1/../../../../arm-none-eabi/lib/armv6-m/crt0.o (exit)
c:/ac6/systemworkbench/plugins/fr.ac6.mcu.externaltools.arm-none.win32_1.12.0.201611241417/tools/compiler/bin/../lib/gcc/arm-none-eabi/5.4.1/../../../../arm-none-eabi/lib/armv6-m\libc.a(lib_a-impure.o)
                              c:/ac6/systemworkbench/plugins/fr.ac6.mcu.externaltools.arm-none.win32_1.12.0.201611241417/tools/compiler/bin/../lib/gcc/arm-none-eabi/5.4.1/../../../../arm-none-eabi/lib/armv6-m\libc.a(lib_a-exit.o) (_global_impure_ptr)
c:/ac6/systemworkbench/plugins/fr.ac6.mcu.externaltools.arm-none.win32_1.12.0.201611241417/tools/compiler/bin/../lib/gcc/arm-none-eabi/5.4.1/../../../../arm-none-eabi/lib/armv6-m\libc.a(lib_a-init.o)
                              c:/ac6/systemworkbench/plugins/fr.ac6.mcu.externaltools.arm-none.win32_1.12.0.201611241417/tools/compiler/bin/../lib/gcc/arm-none-eabi/5.4.1/../../../../arm-none-eabi/lib/armv6-m/crt0.o (__libc_init_array)
c:/ac6/systemworkbench/plugins/fr.ac6.mcu.externaltools.arm-none.win32_1.12.0.201611241417/tools/compiler/bin/../lib/gcc/arm-none-eabi/5.4.1/../../../../arm-none-eabi/lib/armv6-m\libc.a(lib_a-memset.o)
                              c:/ac6/systemworkbench/plugins/fr.ac6.mcu.externaltools.arm-none.win32_1.12.0.201611241417/tools/compiler/bin/../lib/gcc/arm-none-eabi/5.4.1/../../../../arm-none-eabi/lib/armv6-m/crt0.o (memset)
c:/ac6/systemworkbench/plugins/fr.ac6.mcu.externaltools.arm-none.win32_1.12.0.201611241417/tools/compiler/bin/../lib/gcc/arm-none-eabi/5.4.1/../../../../arm-none-eabi/lib/armv6-m\libc.a(lib_a-__call_atexit.o)
                              c:/ac6/systemworkbench/plugins/fr.ac6.mcu.externaltools.arm-none.win32_1.12.0.201611241417/tools/compiler/bin/../lib/gcc/arm-none-eabi/5.4.1/../../../../arm-none-eabi/lib/armv6-m\libc.a(lib_a-exit.o) (__call_exitprocs)
c:/ac6/systemworkbench/plugins/fr.ac6.mcu.externaltools.arm-none.win32_1.12.0.201611241417/tools/compiler/bin/../lib/gcc/arm-none-eabi/5.4.1/../../../../arm-none-eabi/lib/armv6-m\libc.a(lib_a-atexit.o)
                              c:/ac6/systemworkbench/plugins/fr.ac6.mcu.externaltools.arm-none.win32_1.12.0.201611241417/tools/compiler/bin/../lib/gcc/arm-none-eabi/5.4.1/../../../../arm-none-eabi/lib/armv6-m\libc.a(lib_a-__call_atexit.o) (atexit)
c:/ac6/systemworkbench/plugins/fr.ac6.mcu.externaltools.arm-none.win32_1.12.0.201611241417/tools/compiler/bin/../lib/gcc/arm-none-eabi/5.4.1/../../../../arm-none-eabi/lib/armv6-m\libc.a(lib_a-fini.o)
                              c:/ac6/systemworkbench/plugins/fr.ac6.mcu.externaltools.arm-none.win32_1.12.0.201611241417/tools/compiler/bin/../lib/gcc/arm-none-eabi/5.4.1/../../../../arm-none-eabi/lib/armv6-m\libc.a(lib_a-__call_atexit.o) (__libc_fini_array)
c:/ac6/systemworkbench/plugins/fr.ac6.mcu.externaltools.arm-none.win32_1.12.0.201611241417/tools/compiler/bin/../lib/gcc/arm-none-eabi/5.4.1/../../../../arm-none-eabi/lib/armv6-m\libc.a(lib_a-__atexit.o)
                              c:/ac6/systemworkbench/plugins/fr.ac6.mcu.externaltools.arm-none.win32_1.12.0.201611241417/tools/compiler/bin/../lib/gcc/arm-none-eabi/5.4.1/../../../../arm-none-eabi/lib/armv6-m\libc.a(lib_a-atexit.o) (__register_exitproc)

Discarded input sections

 .text          0x00000000        0x0 c:/ac6/systemworkbench/plugins/fr.ac6.mcu.externaltools.arm-none.win32_1.12.0.201611241417/tools/compiler/bin/../lib/gcc/arm-none-eabi/5.4.1/armv6-m/crti.o
 .data          0x00000000        0x0 c:/ac6/systemworkbench/plugins/fr.ac6.mcu.externaltools.arm-none.win32_1.12.0.201611241417/tools/compiler/bin/../lib/gcc/arm-none-eabi/5.4.1/armv6-m/crti.o
 .bss           0x00000000        0x0 c:/ac6/systemworkbench/plugins/fr.ac6.mcu.externaltools.arm-none.win32_1.12.0.201611241417/tools/compiler/bin/../lib/gcc/arm-none-eabi/5.4.1/armv6-m/crti.o
 .data          0x00000000        0x4 c:/ac6/systemworkbench/plugins/fr.ac6.mcu.externaltools.arm-none.win32_1.12.0.201611241417/tools/compiler/bin/../lib/gcc/arm-none-eabi/5.4.1/armv6-m/crtbegin.o
 .text          0x00000000       0x78 c:/ac6/systemworkbench/plugins/fr.ac6.mcu.externaltools.arm-none.win32_1.12.0.201611241417/tools/compiler/bin/../lib/gcc/arm-none-eabi/5.4.1/../../../../arm-none-eabi/lib/armv6-m/crt0.o
 .data          0x00000000        0x0 c:/ac6/systemworkbench/plugins/fr.ac6.mcu.externaltools.arm-none.win32_1.12.0.201611241417/tools/compiler/bin/../lib/gcc/arm-none-eabi/5.4.1/../../../../arm-none-eabi/lib/armv6-m/crt0.o
 .bss           0x00000000        0x0 c:/ac6/systemworkbench/plugins/fr.ac6.mcu.externaltools.arm-none.win32_1.12.0.201611241417/tools/compiler/bin/../lib/gcc/arm-none-eabi/5.4.1/../../../../arm-none-eabi/lib/armv6-m/crt0.o
 .ARM.extab     0x00000000        0x0 c:/ac6/systemworkbench/plugins/fr.ac6.mcu.externaltools.arm-none.win32_1.12.0.201611241417/tools/compiler/bin/../lib/gcc/arm-none-eabi/5.4.1/../../../../arm-none-eabi/lib/armv6-m/crt0.o
 .ARM.exidx     0x00000000        0x8 c:/ac6/systemworkbench/plugins/fr.ac6.mcu.externaltools.arm-none.win32_1.12.0.201611241417/tools/compiler/bin/../lib/gcc/arm-none-eabi/5.4.1/../../../../arm-none-eabi/lib/armv6-m/crt0.o
 .ARM.attributes
                0x00000000       0x1b c:/ac6/systemworkbench/plugins/fr.ac6.mcu.externaltools.arm-none.win32_1.12.0.201611241417/tools/compiler/bin/../lib/gcc/arm-none-eabi/5.4.1/../../../../arm-none-eabi/lib/armv6-m/crt0.o
 .text          0x00000000        0x0 src/main.o
 .data          0x00000000        0x0 src/main.o
 .bss           0x00000000        0x0 src/main.o
 .text          0x00000000        0x0 src/syscalls.o
 .data          0x00000000        0x4 src/syscalls.o
 .bss           0x00000000        0x8 src/syscalls.o
 .text.initialise_monitor_handles
                0x00000000        0x4 src/syscalls.o
 .text._getpid  0x00000000        0x4 src/syscalls.o
 .text._kill    0x00000000       0x10 src/syscalls.o
 .text._exit    0x00000000        0xc src/syscalls.o
 .text._read    0x00000000       0x1c src/syscalls.o
 .text._write   0x00000000       0x1c src/syscalls.o
 .text._sbrk    0x00000000       0x34 src/syscalls.o
 .text._close   0x00000000        0x8 src/syscalls.o
 .text._fstat   0x00000000        0xc src/syscalls.o
 .text._isatty  0x00000000        0x4 src/syscalls.o
 .text._lseek   0x00000000        0x4 src/syscalls.o
 .text._open    0x00000000        0xc src/syscalls.o
 .text._wait    0x00000000       0x10 src/syscalls.o
 .text._unlink  0x00000000       0x10 src/syscalls.o
 .text._times   0x00000000        0x8 src/syscalls.o
 .text._stat    0x00000000        0xc src/syscalls.o
 .text._link    0x00000000       0x10 src/syscalls.o
 .text._fork    0x00000000       0x10 src/syscalls.o
 .text._execve  0x00000000       0x10 src/syscalls.o
 .comment       0x00000000       0x6f src/syscalls.o
 .ARM.attributes
                0x00000000       0x31 src/syscalls.o
 .text          0x00000000        0x0 src/system_stm32f0xx.o
 .data          0x00000000       0x14 src/system_stm32f0xx.o
 .bss           0x00000000        0x0 src/system_stm32f0xx.o
 .text.SystemCoreClockUpdate
                0x00000000       0x5c src/system_stm32f0xx.o
 .text          0x00000000       0x14 startup/startup_stm32f072.o
 .data          0x00000000        0x0 startup/startup_stm32f072.o
 .bss           0x00000000        0x0 startup/startup_stm32f072.o
 .text          0x00000000        0x0 C:\Users\Nick\Desktop\stm32M0\eclipseWorkSpace\nucleo-f072rb_stdperiph_lib\Release\libnucleo-f072rb_stdperiph_lib.a(stm32f0xx_gpio.o)
 .data          0x00000000        0x0 C:\Users\Nick\Desktop\stm32M0\eclipseWorkSpace\nucleo-f072rb_stdperiph_lib\Release\libnucleo-f072rb_stdperiph_lib.a(stm32f0xx_gpio.o)
 .bss           0x00000000        0x0 C:\Users\Nick\Desktop\stm32M0\eclipseWorkSpace\nucleo-f072rb_stdperiph_lib\Release\libnucleo-f072rb_stdperiph_lib.a(stm32f0xx_gpio.o)
 .text.GPIO_DeInit
                0x00000000       0xc4 C:\Users\Nick\Desktop\stm32M0\eclipseWorkSpace\nucleo-f072rb_stdperiph_lib\Release\libnucleo-f072rb_stdperiph_lib.a(stm32f0xx_gpio.o)
 .text.GPIO_StructInit
                0x00000000       0x18 C:\Users\Nick\Desktop\stm32M0\eclipseWorkSpace\nucleo-f072rb_stdperiph_lib\Release\libnucleo-f072rb_stdperiph_lib.a(stm32f0xx_gpio.o)
 .text.GPIO_PinLockConfig
                0x00000000       0x24 C:\Users\Nick\Desktop\stm32M0\eclipseWorkSpace\nucleo-f072rb_stdperiph_lib\Release\libnucleo-f072rb_stdperiph_lib.a(stm32f0xx_gpio.o)
 .text.GPIO_ReadInputDataBit
                0x00000000       0x10 C:\Users\Nick\Desktop\stm32M0\eclipseWorkSpace\nucleo-f072rb_stdperiph_lib\Release\libnucleo-f072rb_stdperiph_lib.a(stm32f0xx_gpio.o)
 .text.GPIO_ReadInputData
                0x00000000        0x8 C:\Users\Nick\Desktop\stm32M0\eclipseWorkSpace\nucleo-f072rb_stdperiph_lib\Release\libnucleo-f072rb_stdperiph_lib.a(stm32f0xx_gpio.o)
 .text.GPIO_ReadOutputData
                0x00000000        0x8 C:\Users\Nick\Desktop\stm32M0\eclipseWorkSpace\nucleo-f072rb_stdperiph_lib\Release\libnucleo-f072rb_stdperiph_lib.a(stm32f0xx_gpio.o)
 .text.GPIO_WriteBit
                0x00000000        0xc C:\Users\Nick\Desktop\stm32M0\eclipseWorkSpace\nucleo-f072rb_stdperiph_lib\Release\libnucleo-f072rb_stdperiph_lib.a(stm32f0xx_gpio.o)
 .text.GPIO_Write
                0x00000000        0x4 C:\Users\Nick\Desktop\stm32M0\eclipseWorkSpace\nucleo-f072rb_stdperiph_lib\Release\libnucleo-f072rb_stdperiph_lib.a(stm32f0xx_gpio.o)
 .text          0x00000000        0x0 C:\Users\Nick\Desktop\stm32M0\eclipseWorkSpace\nucleo-f072rb_stdperiph_lib\Release\libnucleo-f072rb_stdperiph_lib.a(stm32f0xx_rcc.o)
 .bss           0x00000000        0x0 C:\Users\Nick\Desktop\stm32M0\eclipseWorkSpace\nucleo-f072rb_stdperiph_lib\Release\libnucleo-f072rb_stdperiph_lib.a(stm32f0xx_rcc.o)
 .text.RCC_DeInit
                0x00000000       0x60 C:\Users\Nick\Desktop\stm32M0\eclipseWorkSpace\nucleo-f072rb_stdperiph_lib\Release\libnucleo-f072rb_stdperiph_lib.a(stm32f0xx_rcc.o)
 .text.RCC_HSEConfig
                0x00000000       0x10 C:\Users\Nick\Desktop\stm32M0\eclipseWorkSpace\nucleo-f072rb_stdperiph_lib\Release\libnucleo-f072rb_stdperiph_lib.a(stm32f0xx_rcc.o)
 .text.RCC_WaitForHSEStartUp
                0x00000000       0x3c C:\Users\Nick\Desktop\stm32M0\eclipseWorkSpace\nucleo-f072rb_stdperiph_lib\Release\libnucleo-f072rb_stdperiph_lib.a(stm32f0xx_rcc.o)
 .text.RCC_AdjustHSICalibrationValue
                0x00000000       0x14 C:\Users\Nick\Desktop\stm32M0\eclipseWorkSpace\nucleo-f072rb_stdperiph_lib\Release\libnucleo-f072rb_stdperiph_lib.a(stm32f0xx_rcc.o)
 .text.RCC_HSICmd
                0x00000000       0x20 C:\Users\Nick\Desktop\stm32M0\eclipseWorkSpace\nucleo-f072rb_stdperiph_lib\Release\libnucleo-f072rb_stdperiph_lib.a(stm32f0xx_rcc.o)
 .text.RCC_AdjustHSI14CalibrationValue
                0x00000000       0x14 C:\Users\Nick\Desktop\stm32M0\eclipseWorkSpace\nucleo-f072rb_stdperiph_lib\Release\libnucleo-f072rb_stdperiph_lib.a(stm32f0xx_rcc.o)
 .text.RCC_HSI14Cmd
                0x00000000       0x20 C:\Users\Nick\Desktop\stm32M0\eclipseWorkSpace\nucleo-f072rb_stdperiph_lib\Release\libnucleo-f072rb_stdperiph_lib.a(stm32f0xx_rcc.o)
 .text.RCC_HSI14ADCRequestCmd
                0x00000000       0x20 C:\Users\Nick\Desktop\stm32M0\eclipseWorkSpace\nucleo-f072rb_stdperiph_lib\Release\libnucleo-f072rb_stdperiph_lib.a(stm32f0xx_rcc.o)
 .text.RCC_LSEConfig
                0x00000000       0x20 C:\Users\Nick\Desktop\stm32M0\eclipseWorkSpace\nucleo-f072rb_stdperiph_lib\Release\libnucleo-f072rb_stdperiph_lib.a(stm32f0xx_rcc.o)
 .text.RCC_LSEDriveConfig
                0x00000000       0x18 C:\Users\Nick\Desktop\stm32M0\eclipseWorkSpace\nucleo-f072rb_stdperiph_lib\Release\libnucleo-f072rb_stdperiph_lib.a(stm32f0xx_rcc.o)
 .text.RCC_LSICmd
                0x00000000       0x20 C:\Users\Nick\Desktop\stm32M0\eclipseWorkSpace\nucleo-f072rb_stdperiph_lib\Release\libnucleo-f072rb_stdperiph_lib.a(stm32f0xx_rcc.o)
 .text.RCC_PLLConfig
                0x00000000       0x20 C:\Users\Nick\Desktop\stm32M0\eclipseWorkSpace\nucleo-f072rb_stdperiph_lib\Release\libnucleo-f072rb_stdperiph_lib.a(stm32f0xx_rcc.o)
 .text.RCC_PLLCmd
                0x00000000       0x24 C:\Users\Nick\Desktop\stm32M0\eclipseWorkSpace\nucleo-f072rb_stdperiph_lib\Release\libnucleo-f072rb_stdperiph_lib.a(stm32f0xx_rcc.o)
 .text.RCC_HSI48Cmd
                0x00000000       0x24 C:\Users\Nick\Desktop\stm32M0\eclipseWorkSpace\nucleo-f072rb_stdperiph_lib\Release\libnucleo-f072rb_stdperiph_lib.a(stm32f0xx_rcc.o)
 .text.RCC_PREDIV1Config
                0x00000000       0x14 C:\Users\Nick\Desktop\stm32M0\eclipseWorkSpace\nucleo-f072rb_stdperiph_lib\Release\libnucleo-f072rb_stdperiph_lib.a(stm32f0xx_rcc.o)
 .text.RCC_ClockSecuritySystemCmd
                0x00000000       0x24 C:\Users\Nick\Desktop\stm32M0\eclipseWorkSpace\nucleo-f072rb_stdperiph_lib\Release\libnucleo-f072rb_stdperiph_lib.a(stm32f0xx_rcc.o)
 .text.RCC_MCOConfig
                0x00000000       0x18 C:\Users\Nick\Desktop\stm32M0\eclipseWorkSpace\nucleo-f072rb_stdperiph_lib\Release\libnucleo-f072rb_stdperiph_lib.a(stm32f0xx_rcc.o)
 .text.RCC_SYSCLKConfig
                0x00000000       0x14 C:\Users\Nick\Desktop\stm32M0\eclipseWorkSpace\nucleo-f072rb_stdperiph_lib\Release\libnucleo-f072rb_stdperiph_lib.a(stm32f0xx_rcc.o)
 .text.RCC_GetSYSCLKSource
                0x00000000       0x10 C:\Users\Nick\Desktop\stm32M0\eclipseWorkSpace\nucleo-f072rb_stdperiph_lib\Release\libnucleo-f072rb_stdperiph_lib.a(stm32f0xx_rcc.o)
 .text.RCC_HCLKConfig
                0x00000000       0x14 C:\Users\Nick\Desktop\stm32M0\eclipseWorkSpace\nucleo-f072rb_stdperiph_lib\Release\libnucleo-f072rb_stdperiph_lib.a(stm32f0xx_rcc.o)
 .text.RCC_PCLKConfig
                0x00000000       0x18 C:\Users\Nick\Desktop\stm32M0\eclipseWorkSpace\nucleo-f072rb_stdperiph_lib\Release\libnucleo-f072rb_stdperiph_lib.a(stm32f0xx_rcc.o)
 .text.RCC_ADCCLKConfig
                0x00000000       0x34 C:\Users\Nick\Desktop\stm32M0\eclipseWorkSpace\nucleo-f072rb_stdperiph_lib\Release\libnucleo-f072rb_stdperiph_lib.a(stm32f0xx_rcc.o)
 .text.RCC_CECCLKConfig
                0x00000000       0x18 C:\Users\Nick\Desktop\stm32M0\eclipseWorkSpace\nucleo-f072rb_stdperiph_lib\Release\libnucleo-f072rb_stdperiph_lib.a(stm32f0xx_rcc.o)
 .text.RCC_I2CCLKConfig
                0x00000000       0x18 C:\Users\Nick\Desktop\stm32M0\eclipseWorkSpace\nucleo-f072rb_stdperiph_lib\Release\libnucleo-f072rb_stdperiph_lib.a(stm32f0xx_rcc.o)
 .text.RCC_USARTCLKConfig
                0x00000000       0x2c C:\Users\Nick\Desktop\stm32M0\eclipseWorkSpace\nucleo-f072rb_stdperiph_lib\Release\libnucleo-f072rb_stdperiph_lib.a(stm32f0xx_rcc.o)
 .text.RCC_USBCLKConfig
                0x00000000       0x18 C:\Users\Nick\Desktop\stm32M0\eclipseWorkSpace\nucleo-f072rb_stdperiph_lib\Release\libnucleo-f072rb_stdperiph_lib.a(stm32f0xx_rcc.o)
 .text.RCC_RTCCLKConfig
                0x00000000       0x10 C:\Users\Nick\Desktop\stm32M0\eclipseWorkSpace\nucleo-f072rb_stdperiph_lib\Release\libnucleo-f072rb_stdperiph_lib.a(stm32f0xx_rcc.o)
 .text.RCC_RTCCLKCmd
                0x00000000       0x24 C:\Users\Nick\Desktop\stm32M0\eclipseWorkSpace\nucleo-f072rb_stdperiph_lib\Release\libnucleo-f072rb_stdperiph_lib.a(stm32f0xx_rcc.o)
 .text.RCC_BackupResetCmd
                0x00000000       0x24 C:\Users\Nick\Desktop\stm32M0\eclipseWorkSpace\nucleo-f072rb_stdperiph_lib\Release\libnucleo-f072rb_stdperiph_lib.a(stm32f0xx_rcc.o)
 .text.RCC_APB1PeriphClockCmd
                0x00000000       0x1c C:\Users\Nick\Desktop\stm32M0\eclipseWorkSpace\nucleo-f072rb_stdperiph_lib\Release\libnucleo-f072rb_stdperiph_lib.a(stm32f0xx_rcc.o)
 .text.RCC_AHBPeriphResetCmd
                0x00000000       0x1c C:\Users\Nick\Desktop\stm32M0\eclipseWorkSpace\nucleo-f072rb_stdperiph_lib\Release\libnucleo-f072rb_stdperiph_lib.a(stm32f0xx_rcc.o)
 .text.RCC_APB2PeriphResetCmd
                0x00000000       0x1c C:\Users\Nick\Desktop\stm32M0\eclipseWorkSpace\nucleo-f072rb_stdperiph_lib\Release\libnucleo-f072rb_stdperiph_lib.a(stm32f0xx_rcc.o)
 .text.RCC_APB1PeriphResetCmd
                0x00000000       0x1c C:\Users\Nick\Desktop\stm32M0\eclipseWorkSpace\nucleo-f072rb_stdperiph_lib\Release\libnucleo-f072rb_stdperiph_lib.a(stm32f0xx_rcc.o)
 .text.RCC_ITConfig
                0x00000000       0x1c C:\Users\Nick\Desktop\stm32M0\eclipseWorkSpace\nucleo-f072rb_stdperiph_lib\Release\libnucleo-f072rb_stdperiph_lib.a(stm32f0xx_rcc.o)
 .text.RCC_GetFlagStatus
                0x00000000       0x34 C:\Users\Nick\Desktop\stm32M0\eclipseWorkSpace\nucleo-f072rb_stdperiph_lib\Release\libnucleo-f072rb_stdperiph_lib.a(stm32f0xx_rcc.o)
 .text.RCC_ClearFlag
                0x00000000       0x14 C:\Users\Nick\Desktop\stm32M0\eclipseWorkSpace\nucleo-f072rb_stdperiph_lib\Release\libnucleo-f072rb_stdperiph_lib.a(stm32f0xx_rcc.o)
 .text.RCC_GetITStatus
                0x00000000       0x14 C:\Users\Nick\Desktop\stm32M0\eclipseWorkSpace\nucleo-f072rb_stdperiph_lib\Release\libnucleo-f072rb_stdperiph_lib.a(stm32f0xx_rcc.o)
 .text.RCC_ClearITPendingBit
                0x00000000        0xc C:\Users\Nick\Desktop\stm32M0\eclipseWorkSpace\nucleo-f072rb_stdperiph_lib\Release\libnucleo-f072rb_stdperiph_lib.a(stm32f0xx_rcc.o)
 .text          0x00000000        0x0 C:\Users\Nick\Desktop\stm32M0\eclipseWorkSpace\nucleo-f072rb_stdperiph_lib\Release\libnucleo-f072rb_stdperiph_lib.a(stm32f0xx_usart.o)
 .data          0x00000000        0x0 C:\Users\Nick\Desktop\stm32M0\eclipseWorkSpace\nucleo-f072rb_stdperiph_lib\Release\libnucleo-f072rb_stdperiph_lib.a(stm32f0xx_usart.o)
 .bss           0x00000000        0x0 C:\Users\Nick\Desktop\stm32M0\eclipseWorkSpace\nucleo-f072rb_stdperiph_lib\Release\libnucleo-f072rb_stdperiph_lib.a(stm32f0xx_usart.o)
 .text.USART_DeInit
                0x00000000       0x84 C:\Users\Nick\Desktop\stm32M0\eclipseWorkSpace\nucleo-f072rb_stdperiph_lib\Release\libnucleo-f072rb_stdperiph_lib.a(stm32f0xx_usart.o)
 .text.USART_ClockInit
                0x00000000       0x20 C:\Users\Nick\Desktop\stm32M0\eclipseWorkSpace\nucleo-f072rb_stdperiph_lib\Release\libnucleo-f072rb_stdperiph_lib.a(stm32f0xx_usart.o)
 .text.USART_ClockStructInit
                0x00000000        0xc C:\Users\Nick\Desktop\stm32M0\eclipseWorkSpace\nucleo-f072rb_stdperiph_lib\Release\libnucleo-f072rb_stdperiph_lib.a(stm32f0xx_usart.o)
 .text.USART_DirectionModeCmd
                0x00000000       0x14 C:\Users\Nick\Desktop\stm32M0\eclipseWorkSpace\nucleo-f072rb_stdperiph_lib\Release\libnucleo-f072rb_stdperiph_lib.a(stm32f0xx_usart.o)
 .text.USART_OverSampling8Cmd
                0x00000000       0x20 C:\Users\Nick\Desktop\stm32M0\eclipseWorkSpace\nucleo-f072rb_stdperiph_lib\Release\libnucleo-f072rb_stdperiph_lib.a(stm32f0xx_usart.o)
 .text.USART_OneBitMethodCmd
                0x00000000       0x20 C:\Users\Nick\Desktop\stm32M0\eclipseWorkSpace\nucleo-f072rb_stdperiph_lib\Release\libnucleo-f072rb_stdperiph_lib.a(stm32f0xx_usart.o)
 .text.USART_MSBFirstCmd
                0x00000000       0x20 C:\Users\Nick\Desktop\stm32M0\eclipseWorkSpace\nucleo-f072rb_stdperiph_lib\Release\libnucleo-f072rb_stdperiph_lib.a(stm32f0xx_usart.o)
 .text.USART_DataInvCmd
                0x00000000       0x20 C:\Users\Nick\Desktop\stm32M0\eclipseWorkSpace\nucleo-f072rb_stdperiph_lib\Release\libnucleo-f072rb_stdperiph_lib.a(stm32f0xx_usart.o)
 .text.USART_InvPinCmd
                0x00000000       0x14 C:\Users\Nick\Desktop\stm32M0\eclipseWorkSpace\nucleo-f072rb_stdperiph_lib\Release\libnucleo-f072rb_stdperiph_lib.a(stm32f0xx_usart.o)
 .text.USART_SWAPPinCmd
                0x00000000       0x20 C:\Users\Nick\Desktop\stm32M0\eclipseWorkSpace\nucleo-f072rb_stdperiph_lib\Release\libnucleo-f072rb_stdperiph_lib.a(stm32f0xx_usart.o)
 .text.USART_ReceiverTimeOutCmd
                0x00000000       0x20 C:\Users\Nick\Desktop\stm32M0\eclipseWorkSpace\nucleo-f072rb_stdperiph_lib\Release\libnucleo-f072rb_stdperiph_lib.a(stm32f0xx_usart.o)
 .text.USART_SetReceiverTimeOut
                0x00000000       0x10 C:\Users\Nick\Desktop\stm32M0\eclipseWorkSpace\nucleo-f072rb_stdperiph_lib\Release\libnucleo-f072rb_stdperiph_lib.a(stm32f0xx_usart.o)
 .text.USART_SetPrescaler
                0x00000000       0x10 C:\Users\Nick\Desktop\stm32M0\eclipseWorkSpace\nucleo-f072rb_stdperiph_lib\Release\libnucleo-f072rb_stdperiph_lib.a(stm32f0xx_usart.o)
 .text.USART_STOPModeCmd
                0x00000000       0x18 C:\Users\Nick\Desktop\stm32M0\eclipseWorkSpace\nucleo-f072rb_stdperiph_lib\Release\libnucleo-f072rb_stdperiph_lib.a(stm32f0xx_usart.o)
 .text.USART_StopModeWakeUpSourceConfig
                0x00000000       0x14 C:\Users\Nick\Desktop\stm32M0\eclipseWorkSpace\nucleo-f072rb_stdperiph_lib\Release\libnucleo-f072rb_stdperiph_lib.a(stm32f0xx_usart.o)
 .text.USART_AutoBaudRateCmd
                0x00000000       0x20 C:\Users\Nick\Desktop\stm32M0\eclipseWorkSpace\nucleo-f072rb_stdperiph_lib\Release\libnucleo-f072rb_stdperiph_lib.a(stm32f0xx_usart.o)
 .text.USART_AutoBaudRateConfig
                0x00000000       0x14 C:\Users\Nick\Desktop\stm32M0\eclipseWorkSpace\nucleo-f072rb_stdperiph_lib\Release\libnucleo-f072rb_stdperiph_lib.a(stm32f0xx_usart.o)
 .text.USART_ReceiveData
                0x00000000        0x8 C:\Users\Nick\Desktop\stm32M0\eclipseWorkSpace\nucleo-f072rb_stdperiph_lib\Release\libnucleo-f072rb_stdperiph_lib.a(stm32f0xx_usart.o)
 .text.USART_SetAddress
                0x00000000       0x14 C:\Users\Nick\Desktop\stm32M0\eclipseWorkSpace\nucleo-f072rb_stdperiph_lib\Release\libnucleo-f072rb_stdperiph_lib.a(stm32f0xx_usart.o)
 .text.USART_MuteModeCmd
                0x00000000       0x20 C:\Users\Nick\Desktop\stm32M0\eclipseWorkSpace\nucleo-f072rb_stdperiph_lib\Release\libnucleo-f072rb_stdperiph_lib.a(stm32f0xx_usart.o)
 .text.USART_MuteModeWakeUpConfig
                0x00000000       0x14 C:\Users\Nick\Desktop\stm32M0\eclipseWorkSpace\nucleo-f072rb_stdperiph_lib\Release\libnucleo-f072rb_stdperiph_lib.a(stm32f0xx_usart.o)
 .text.USART_AddressDetectionConfig
                0x00000000       0x10 C:\Users\Nick\Desktop\stm32M0\eclipseWorkSpace\nucleo-f072rb_stdperiph_lib\Release\libnucleo-f072rb_stdperiph_lib.a(stm32f0xx_usart.o)
 .text.USART_LINBreakDetectLengthConfig
                0x00000000       0x10 C:\Users\Nick\Desktop\stm32M0\eclipseWorkSpace\nucleo-f072rb_stdperiph_lib\Release\libnucleo-f072rb_stdperiph_lib.a(stm32f0xx_usart.o)
 .text.USART_LINCmd
                0x00000000       0x20 C:\Users\Nick\Desktop\stm32M0\eclipseWorkSpace\nucleo-f072rb_stdperiph_lib\Release\libnucleo-f072rb_stdperiph_lib.a(stm32f0xx_usart.o)
 .text.USART_HalfDuplexCmd
                0x00000000       0x18 C:\Users\Nick\Desktop\stm32M0\eclipseWorkSpace\nucleo-f072rb_stdperiph_lib\Release\libnucleo-f072rb_stdperiph_lib.a(stm32f0xx_usart.o)
 .text.USART_SetGuardTime
                0x00000000       0x14 C:\Users\Nick\Desktop\stm32M0\eclipseWorkSpace\nucleo-f072rb_stdperiph_lib\Release\libnucleo-f072rb_stdperiph_lib.a(stm32f0xx_usart.o)
 .text.USART_SmartCardCmd
                0x00000000       0x18 C:\Users\Nick\Desktop\stm32M0\eclipseWorkSpace\nucleo-f072rb_stdperiph_lib\Release\libnucleo-f072rb_stdperiph_lib.a(stm32f0xx_usart.o)
 .text.USART_SmartCardNACKCmd
                0x00000000       0x18 C:\Users\Nick\Desktop\stm32M0\eclipseWorkSpace\nucleo-f072rb_stdperiph_lib\Release\libnucleo-f072rb_stdperiph_lib.a(stm32f0xx_usart.o)
 .text.USART_SetAutoRetryCount
                0x00000000       0x18 C:\Users\Nick\Desktop\stm32M0\eclipseWorkSpace\nucleo-f072rb_stdperiph_lib\Release\libnucleo-f072rb_stdperiph_lib.a(stm32f0xx_usart.o)
 .text.USART_SetBlockLength
                0x00000000       0x14 C:\Users\Nick\Desktop\stm32M0\eclipseWorkSpace\nucleo-f072rb_stdperiph_lib\Release\libnucleo-f072rb_stdperiph_lib.a(stm32f0xx_usart.o)
 .text.USART_IrDAConfig
                0x00000000       0x10 C:\Users\Nick\Desktop\stm32M0\eclipseWorkSpace\nucleo-f072rb_stdperiph_lib\Release\libnucleo-f072rb_stdperiph_lib.a(stm32f0xx_usart.o)
 .text.USART_IrDACmd
                0x00000000       0x18 C:\Users\Nick\Desktop\stm32M0\eclipseWorkSpace\nucleo-f072rb_stdperiph_lib\Release\libnucleo-f072rb_stdperiph_lib.a(stm32f0xx_usart.o)
 .text.USART_DECmd
                0x00000000       0x20 C:\Users\Nick\Desktop\stm32M0\eclipseWorkSpace\nucleo-f072rb_stdperiph_lib\Release\libnucleo-f072rb_stdperiph_lib.a(stm32f0xx_usart.o)
 .text.USART_DEPolarityConfig
                0x00000000       0x14 C:\Users\Nick\Desktop\stm32M0\eclipseWorkSpace\nucleo-f072rb_stdperiph_lib\Release\libnucleo-f072rb_stdperiph_lib.a(stm32f0xx_usart.o)
 .text.USART_SetDEAssertionTime
                0x00000000       0x18 C:\Users\Nick\Desktop\stm32M0\eclipseWorkSpace\nucleo-f072rb_stdperiph_lib\Release\libnucleo-f072rb_stdperiph_lib.a(stm32f0xx_usart.o)
 .text.USART_SetDEDeassertionTime
                0x00000000       0x18 C:\Users\Nick\Desktop\stm32M0\eclipseWorkSpace\nucleo-f072rb_stdperiph_lib\Release\libnucleo-f072rb_stdperiph_lib.a(stm32f0xx_usart.o)
 .text.USART_DMACmd
                0x00000000       0x14 C:\Users\Nick\Desktop\stm32M0\eclipseWorkSpace\nucleo-f072rb_stdperiph_lib\Release\libnucleo-f072rb_stdperiph_lib.a(stm32f0xx_usart.o)
 .text.USART_DMAReceptionErrorConfig
                0x00000000       0x14 C:\Users\Nick\Desktop\stm32M0\eclipseWorkSpace\nucleo-f072rb_stdperiph_lib\Release\libnucleo-f072rb_stdperiph_lib.a(stm32f0xx_usart.o)
 .text.USART_ITConfig
                0x00000000       0x34 C:\Users\Nick\Desktop\stm32M0\eclipseWorkSpace\nucleo-f072rb_stdperiph_lib\Release\libnucleo-f072rb_stdperiph_lib.a(stm32f0xx_usart.o)
 .text.USART_RequestCmd
                0x00000000       0x14 C:\Users\Nick\Desktop\stm32M0\eclipseWorkSpace\nucleo-f072rb_stdperiph_lib\Release\libnucleo-f072rb_stdperiph_lib.a(stm32f0xx_usart.o)
 .text.USART_OverrunDetectionConfig
                0x00000000       0x14 C:\Users\Nick\Desktop\stm32M0\eclipseWorkSpace\nucleo-f072rb_stdperiph_lib\Release\libnucleo-f072rb_stdperiph_lib.a(stm32f0xx_usart.o)
 .text.USART_ClearFlag
                0x00000000        0x4 C:\Users\Nick\Desktop\stm32M0\eclipseWorkSpace\nucleo-f072rb_stdperiph_lib\Release\libnucleo-f072rb_stdperiph_lib.a(stm32f0xx_usart.o)
 .text.USART_GetITStatus
                0x00000000       0x40 C:\Users\Nick\Desktop\stm32M0\eclipseWorkSpace\nucleo-f072rb_stdperiph_lib\Release\libnucleo-f072rb_stdperiph_lib.a(stm32f0xx_usart.o)
 .text.USART_ClearITPendingBit
                0x00000000        0xc C:\Users\Nick\Desktop\stm32M0\eclipseWorkSpace\nucleo-f072rb_stdperiph_lib\Release\libnucleo-f072rb_stdperiph_lib.a(stm32f0xx_usart.o)
 .data          0x00000000        0x0 c:/ac6/systemworkbench/plugins/fr.ac6.mcu.externaltools.arm-none.win32_1.12.0.201611241417/tools/compiler/bin/../lib/gcc/arm-none-eabi/5.4.1/armv6-m\libgcc.a(_udivsi3.o)
 .bss           0x00000000        0x0 c:/ac6/systemworkbench/plugins/fr.ac6.mcu.externaltools.arm-none.win32_1.12.0.201611241417/tools/compiler/bin/../lib/gcc/arm-none-eabi/5.4.1/armv6-m\libgcc.a(_udivsi3.o)
 .data          0x00000000        0x0 c:/ac6/systemworkbench/plugins/fr.ac6.mcu.externaltools.arm-none.win32_1.12.0.201611241417/tools/compiler/bin/../lib/gcc/arm-none-eabi/5.4.1/armv6-m\libgcc.a(_dvmd_tls.o)
 .bss           0x00000000        0x0 c:/ac6/systemworkbench/plugins/fr.ac6.mcu.externaltools.arm-none.win32_1.12.0.201611241417/tools/compiler/bin/../lib/gcc/arm-none-eabi/5.4.1/armv6-m\libgcc.a(_dvmd_tls.o)
 .text          0x00000000        0x0 c:/ac6/systemworkbench/plugins/fr.ac6.mcu.externaltools.arm-none.win32_1.12.0.201611241417/tools/compiler/bin/../lib/gcc/arm-none-eabi/5.4.1/../../../../arm-none-eabi/lib/armv6-m\libc.a(lib_a-errno.o)
 .data          0x00000000        0x0 c:/ac6/systemworkbench/plugins/fr.ac6.mcu.externaltools.arm-none.win32_1.12.0.201611241417/tools/compiler/bin/../lib/gcc/arm-none-eabi/5.4.1/../../../../arm-none-eabi/lib/armv6-m\libc.a(lib_a-errno.o)
 .bss           0x00000000        0x0 c:/ac6/systemworkbench/plugins/fr.ac6.mcu.externaltools.arm-none.win32_1.12.0.201611241417/tools/compiler/bin/../lib/gcc/arm-none-eabi/5.4.1/../../../../arm-none-eabi/lib/armv6-m\libc.a(lib_a-errno.o)
 .text.__errno  0x00000000        0xc c:/ac6/systemworkbench/plugins/fr.ac6.mcu.externaltools.arm-none.win32_1.12.0.201611241417/tools/compiler/bin/../lib/gcc/arm-none-eabi/5.4.1/../../../../arm-none-eabi/lib/armv6-m\libc.a(lib_a-errno.o)
 .debug_frame   0x00000000       0x20 c:/ac6/systemworkbench/plugins/fr.ac6.mcu.externaltools.arm-none.win32_1.12.0.201611241417/tools/compiler/bin/../lib/gcc/arm-none-eabi/5.4.1/../../../../arm-none-eabi/lib/armv6-m\libc.a(lib_a-errno.o)
 .ARM.attributes
                0x00000000       0x2c c:/ac6/systemworkbench/plugins/fr.ac6.mcu.externaltools.arm-none.win32_1.12.0.201611241417/tools/compiler/bin/../lib/gcc/arm-none-eabi/5.4.1/../../../../arm-none-eabi/lib/armv6-m\libc.a(lib_a-errno.o)
 .text          0x00000000        0x0 c:/ac6/systemworkbench/plugins/fr.ac6.mcu.externaltools.arm-none.win32_1.12.0.201611241417/tools/compiler/bin/../lib/gcc/arm-none-eabi/5.4.1/../../../../arm-none-eabi/lib/armv6-m\libc.a(lib_a-exit.o)
 .data          0x00000000        0x0 c:/ac6/systemworkbench/plugins/fr.ac6.mcu.externaltools.arm-none.win32_1.12.0.201611241417/tools/compiler/bin/../lib/gcc/arm-none-eabi/5.4.1/../../../../arm-none-eabi/lib/armv6-m\libc.a(lib_a-exit.o)
 .bss           0x00000000        0x0 c:/ac6/systemworkbench/plugins/fr.ac6.mcu.externaltools.arm-none.win32_1.12.0.201611241417/tools/compiler/bin/../lib/gcc/arm-none-eabi/5.4.1/../../../../arm-none-eabi/lib/armv6-m\libc.a(lib_a-exit.o)
 .text.exit     0x00000000       0x20 c:/ac6/systemworkbench/plugins/fr.ac6.mcu.externaltools.arm-none.win32_1.12.0.201611241417/tools/compiler/bin/../lib/gcc/arm-none-eabi/5.4.1/../../../../arm-none-eabi/lib/armv6-m\libc.a(lib_a-exit.o)
 .debug_frame   0x00000000       0x28 c:/ac6/systemworkbench/plugins/fr.ac6.mcu.externaltools.arm-none.win32_1.12.0.201611241417/tools/compiler/bin/../lib/gcc/arm-none-eabi/5.4.1/../../../../arm-none-eabi/lib/armv6-m\libc.a(lib_a-exit.o)
 .ARM.attributes
                0x00000000       0x2c c:/ac6/systemworkbench/plugins/fr.ac6.mcu.externaltools.arm-none.win32_1.12.0.201611241417/tools/compiler/bin/../lib/gcc/arm-none-eabi/5.4.1/../../../../arm-none-eabi/lib/armv6-m\libc.a(lib_a-exit.o)
 .text          0x00000000        0x0 c:/ac6/systemworkbench/plugins/fr.ac6.mcu.externaltools.arm-none.win32_1.12.0.201611241417/tools/compiler/bin/../lib/gcc/arm-none-eabi/5.4.1/../../../../arm-none-eabi/lib/armv6-m\libc.a(lib_a-impure.o)
 .data          0x00000000        0x0 c:/ac6/systemworkbench/plugins/fr.ac6.mcu.externaltools.arm-none.win32_1.12.0.201611241417/tools/compiler/bin/../lib/gcc/arm-none-eabi/5.4.1/../../../../arm-none-eabi/lib/armv6-m\libc.a(lib_a-impure.o)
 .bss           0x00000000        0x0 c:/ac6/systemworkbench/plugins/fr.ac6.mcu.externaltools.arm-none.win32_1.12.0.201611241417/tools/compiler/bin/../lib/gcc/arm-none-eabi/5.4.1/../../../../arm-none-eabi/lib/armv6-m\libc.a(lib_a-impure.o)
 .data._impure_ptr
                0x00000000        0x4 c:/ac6/systemworkbench/plugins/fr.ac6.mcu.externaltools.arm-none.win32_1.12.0.201611241417/tools/compiler/bin/../lib/gcc/arm-none-eabi/5.4.1/../../../../arm-none-eabi/lib/armv6-m\libc.a(lib_a-impure.o)
 .text          0x00000000        0x0 c:/ac6/systemworkbench/plugins/fr.ac6.mcu.externaltools.arm-none.win32_1.12.0.201611241417/tools/compiler/bin/../lib/gcc/arm-none-eabi/5.4.1/../../../../arm-none-eabi/lib/armv6-m\libc.a(lib_a-init.o)
 .data          0x00000000        0x0 c:/ac6/systemworkbench/plugins/fr.ac6.mcu.externaltools.arm-none.win32_1.12.0.201611241417/tools/compiler/bin/../lib/gcc/arm-none-eabi/5.4.1/../../../../arm-none-eabi/lib/armv6-m\libc.a(lib_a-init.o)
 .bss           0x00000000        0x0 c:/ac6/systemworkbench/plugins/fr.ac6.mcu.externaltools.arm-none.win32_1.12.0.201611241417/tools/compiler/bin/../lib/gcc/arm-none-eabi/5.4.1/../../../../arm-none-eabi/lib/armv6-m\libc.a(lib_a-init.o)
 .text          0x00000000        0x0 c:/ac6/systemworkbench/plugins/fr.ac6.mcu.externaltools.arm-none.win32_1.12.0.201611241417/tools/compiler/bin/../lib/gcc/arm-none-eabi/5.4.1/../../../../arm-none-eabi/lib/armv6-m\libc.a(lib_a-memset.o)
 .data          0x00000000        0x0 c:/ac6/systemworkbench/plugins/fr.ac6.mcu.externaltools.arm-none.win32_1.12.0.201611241417/tools/compiler/bin/../lib/gcc/arm-none-eabi/5.4.1/../../../../arm-none-eabi/lib/armv6-m\libc.a(lib_a-memset.o)
 .bss           0x00000000        0x0 c:/ac6/systemworkbench/plugins/fr.ac6.mcu.externaltools.arm-none.win32_1.12.0.201611241417/tools/compiler/bin/../lib/gcc/arm-none-eabi/5.4.1/../../../../arm-none-eabi/lib/armv6-m\libc.a(lib_a-memset.o)
 .text.memset   0x00000000       0x8c c:/ac6/systemworkbench/plugins/fr.ac6.mcu.externaltools.arm-none.win32_1.12.0.201611241417/tools/compiler/bin/../lib/gcc/arm-none-eabi/5.4.1/../../../../arm-none-eabi/lib/armv6-m\libc.a(lib_a-memset.o)
 .debug_frame   0x00000000       0x2c c:/ac6/systemworkbench/plugins/fr.ac6.mcu.externaltools.arm-none.win32_1.12.0.201611241417/tools/compiler/bin/../lib/gcc/arm-none-eabi/5.4.1/../../../../arm-none-eabi/lib/armv6-m\libc.a(lib_a-memset.o)
 .ARM.attributes
                0x00000000       0x2c c:/ac6/systemworkbench/plugins/fr.ac6.mcu.externaltools.arm-none.win32_1.12.0.201611241417/tools/compiler/bin/../lib/gcc/arm-none-eabi/5.4.1/../../../../arm-none-eabi/lib/armv6-m\libc.a(lib_a-memset.o)
 .text          0x00000000        0x0 c:/ac6/systemworkbench/plugins/fr.ac6.mcu.externaltools.arm-none.win32_1.12.0.201611241417/tools/compiler/bin/../lib/gcc/arm-none-eabi/5.4.1/../../../../arm-none-eabi/lib/armv6-m\libc.a(lib_a-__call_atexit.o)
 .data          0x00000000        0x0 c:/ac6/systemworkbench/plugins/fr.ac6.mcu.externaltools.arm-none.win32_1.12.0.201611241417/tools/compiler/bin/../lib/gcc/arm-none-eabi/5.4.1/../../../../arm-none-eabi/lib/armv6-m\libc.a(lib_a-__call_atexit.o)
 .bss           0x00000000        0x0 c:/ac6/systemworkbench/plugins/fr.ac6.mcu.externaltools.arm-none.win32_1.12.0.201611241417/tools/compiler/bin/../lib/gcc/arm-none-eabi/5.4.1/../../../../arm-none-eabi/lib/armv6-m\libc.a(lib_a-__call_atexit.o)
 .text.__call_exitprocs
                0x00000000       0xfc c:/ac6/systemworkbench/plugins/fr.ac6.mcu.externaltools.arm-none.win32_1.12.0.201611241417/tools/compiler/bin/../lib/gcc/arm-none-eabi/5.4.1/../../../../arm-none-eabi/lib/armv6-m\libc.a(lib_a-__call_atexit.o)
 .text          0x00000000        0x0 c:/ac6/systemworkbench/plugins/fr.ac6.mcu.externaltools.arm-none.win32_1.12.0.201611241417/tools/compiler/bin/../lib/gcc/arm-none-eabi/5.4.1/../../../../arm-none-eabi/lib/armv6-m\libc.a(lib_a-atexit.o)
 .data          0x00000000        0x0 c:/ac6/systemworkbench/plugins/fr.ac6.mcu.externaltools.arm-none.win32_1.12.0.201611241417/tools/compiler/bin/../lib/gcc/arm-none-eabi/5.4.1/../../../../arm-none-eabi/lib/armv6-m\libc.a(lib_a-atexit.o)
 .bss           0x00000000        0x0 c:/ac6/systemworkbench/plugins/fr.ac6.mcu.externaltools.arm-none.win32_1.12.0.201611241417/tools/compiler/bin/../lib/gcc/arm-none-eabi/5.4.1/../../../../arm-none-eabi/lib/armv6-m\libc.a(lib_a-atexit.o)
 .text          0x00000000        0x0 c:/ac6/systemworkbench/plugins/fr.ac6.mcu.externaltools.arm-none.win32_1.12.0.201611241417/tools/compiler/bin/../lib/gcc/arm-none-eabi/5.4.1/../../../../arm-none-eabi/lib/armv6-m\libc.a(lib_a-fini.o)
 .data          0x00000000        0x0 c:/ac6/systemworkbench/plugins/fr.ac6.mcu.externaltools.arm-none.win32_1.12.0.201611241417/tools/compiler/bin/../lib/gcc/arm-none-eabi/5.4.1/../../../../arm-none-eabi/lib/armv6-m\libc.a(lib_a-fini.o)
 .bss           0x00000000        0x0 c:/ac6/systemworkbench/plugins/fr.ac6.mcu.externaltools.arm-none.win32_1.12.0.201611241417/tools/compiler/bin/../lib/gcc/arm-none-eabi/5.4.1/../../../../arm-none-eabi/lib/armv6-m\libc.a(lib_a-fini.o)
 .text          0x00000000        0x0 c:/ac6/systemworkbench/plugins/fr.ac6.mcu.externaltools.arm-none.win32_1.12.0.201611241417/tools/compiler/bin/../lib/gcc/arm-none-eabi/5.4.1/../../../../arm-none-eabi/lib/armv6-m\libc.a(lib_a-__atexit.o)
 .data          0x00000000        0x0 c:/ac6/systemworkbench/plugins/fr.ac6.mcu.externaltools.arm-none.win32_1.12.0.201611241417/tools/compiler/bin/../lib/gcc/arm-none-eabi/5.4.1/../../../../arm-none-eabi/lib/armv6-m\libc.a(lib_a-__atexit.o)
 .bss           0x00000000        0x0 c:/ac6/systemworkbench/plugins/fr.ac6.mcu.externaltools.arm-none.win32_1.12.0.201611241417/tools/compiler/bin/../lib/gcc/arm-none-eabi/5.4.1/../../../../arm-none-eabi/lib/armv6-m\libc.a(lib_a-__atexit.o)
 .text          0x00000000        0x0 c:/ac6/systemworkbench/plugins/fr.ac6.mcu.externaltools.arm-none.win32_1.12.0.201611241417/tools/compiler/bin/../lib/gcc/arm-none-eabi/5.4.1/armv6-m/crtend.o
 .data          0x00000000        0x0 c:/ac6/systemworkbench/plugins/fr.ac6.mcu.externaltools.arm-none.win32_1.12.0.201611241417/tools/compiler/bin/../lib/gcc/arm-none-eabi/5.4.1/armv6-m/crtend.o
 .bss           0x00000000        0x0 c:/ac6/systemworkbench/plugins/fr.ac6.mcu.externaltools.arm-none.win32_1.12.0.201611241417/tools/compiler/bin/../lib/gcc/arm-none-eabi/5.4.1/armv6-m/crtend.o
 .eh_frame      0x00000000        0x4 c:/ac6/systemworkbench/plugins/fr.ac6.mcu.externaltools.arm-none.win32_1.12.0.201611241417/tools/compiler/bin/../lib/gcc/arm-none-eabi/5.4.1/armv6-m/crtend.o
 .jcr           0x00000000        0x4 c:/ac6/systemworkbench/plugins/fr.ac6.mcu.externaltools.arm-none.win32_1.12.0.201611241417/tools/compiler/bin/../lib/gcc/arm-none-eabi/5.4.1/armv6-m/crtend.o
 .ARM.attributes
                0x00000000       0x2c c:/ac6/systemworkbench/plugins/fr.ac6.mcu.externaltools.arm-none.win32_1.12.0.201611241417/tools/compiler/bin/../lib/gcc/arm-none-eabi/5.4.1/armv6-m/crtend.o
 .text          0x00000000        0x0 c:/ac6/systemworkbench/plugins/fr.ac6.mcu.externaltools.arm-none.win32_1.12.0.201611241417/tools/compiler/bin/../lib/gcc/arm-none-eabi/5.4.1/armv6-m/crtn.o
 .data          0x00000000        0x0 c:/ac6/systemworkbench/plugins/fr.ac6.mcu.externaltools.arm-none.win32_1.12.0.201611241417/tools/compiler/bin/../lib/gcc/arm-none-eabi/5.4.1/armv6-m/crtn.o
 .bss           0x00000000        0x0 c:/ac6/systemworkbench/plugins/fr.ac6.mcu.externaltools.arm-none.win32_1.12.0.201611241417/tools/compiler/bin/../lib/gcc/arm-none-eabi/5.4.1/armv6-m/crtn.o

Memory Configuration

Name             Origin             Length             Attributes
FLASH            0x08000000         0x00020000         xr
RAM              0x20000000         0x00004000         xrw
*default*        0x00000000         0xffffffff

Linker script and memory map

LOAD c:/ac6/systemworkbench/plugins/fr.ac6.mcu.externaltools.arm-none.win32_1.12.0.201611241417/tools/compiler/bin/../lib/gcc/arm-none-eabi/5.4.1/armv6-m/crti.o
LOAD c:/ac6/systemworkbench/plugins/fr.ac6.mcu.externaltools.arm-none.win32_1.12.0.201611241417/tools/compiler/bin/../lib/gcc/arm-none-eabi/5.4.1/armv6-m/crtbegin.o
LOAD c:/ac6/systemworkbench/plugins/fr.ac6.mcu.externaltools.arm-none.win32_1.12.0.201611241417/tools/compiler/bin/../lib/gcc/arm-none-eabi/5.4.1/../../../../arm-none-eabi/lib/armv6-m/crt0.o
LOAD c:/ac6/systemworkbench/plugins/fr.ac6.mcu.externaltools.arm-none.win32_1.12.0.201611241417/tools/compiler/bin/../lib/gcc/arm-none-eabi/5.4.1/../../../../arm-none-eabi/lib/armv6-m\libm.a
LOAD src/main.o
LOAD src/syscalls.o
LOAD src/system_stm32f0xx.o
LOAD startup/startup_stm32f072.o
LOAD C:\Users\Nick\Desktop\stm32M0\eclipseWorkSpace\nucleo-f072rb_stdperiph_lib\Release\libnucleo-f072rb_stdperiph_lib.a
START GROUP
LOAD c:/ac6/systemworkbench/plugins/fr.ac6.mcu.externaltools.arm-none.win32_1.12.0.201611241417/tools/compiler/bin/../lib/gcc/arm-none-eabi/5.4.1/armv6-m\libgcc.a
LOAD c:/ac6/systemworkbench/plugins/fr.ac6.mcu.externaltools.arm-none.win32_1.12.0.201611241417/tools/compiler/bin/../lib/gcc/arm-none-eabi/5.4.1/../../../../arm-none-eabi/lib/armv6-m\libc.a
END GROUP
LOAD c:/ac6/systemworkbench/plugins/fr.ac6.mcu.externaltools.arm-none.win32_1.12.0.201611241417/tools/compiler/bin/../lib/gcc/arm-none-eabi/5.4.1/armv6-m/crtend.o
LOAD c:/ac6/systemworkbench/plugins/fr.ac6.mcu.externaltools.arm-none.win32_1.12.0.201611241417/tools/compiler/bin/../lib/gcc/arm-none-eabi/5.4.1/armv6-m/crtn.o
                0x20004000                _estack = 0x20004000
                0x00000000                _Min_Heap_Size = 0x0
                0x00000800                _Min_Stack_Size = 0x800

.isr_vector     0x08000000       0xc0
                0x08000000                . = ALIGN (0x4)
 *(.isr_vector)
 .isr_vector    0x08000000       0xc0 startup/startup_stm32f072.o
                0x08000000                g_pfnVectors
                0x080000c0                . = ALIGN (0x4)

.text           0x080000c0      0x934
                0x080000c0                . = ALIGN (0x4)
 *(.text)
 .text          0x080000c0       0x60 c:/ac6/systemworkbench/plugins/fr.ac6.mcu.externaltools.arm-none.win32_1.12.0.201611241417/tools/compiler/bin/../lib/gcc/arm-none-eabi/5.4.1/armv6-m/crtbegin.o
 .text          0x08000120      0x114 c:/ac6/systemworkbench/plugins/fr.ac6.mcu.externaltools.arm-none.win32_1.12.0.201611241417/tools/compiler/bin/../lib/gcc/arm-none-eabi/5.4.1/armv6-m\libgcc.a(_udivsi3.o)
                0x08000120                __aeabi_uidiv
                0x08000120                __udivsi3
                0x0800022c                __aeabi_uidivmod
 .text          0x08000234        0x4 c:/ac6/systemworkbench/plugins/fr.ac6.mcu.externaltools.arm-none.win32_1.12.0.201611241417/tools/compiler/bin/../lib/gcc/arm-none-eabi/5.4.1/armv6-m\libgcc.a(_dvmd_tls.o)
                0x08000234                __aeabi_idiv0
                0x08000234                __aeabi_ldiv0
 *(.text*)
 .text.ledInit  0x08000238       0x30 src/main.o
                0x08000238                ledInit
 .text.ledToggle
                0x08000268       0x28 src/main.o
                0x08000268                ledToggle
 .text.usbInit  0x08000290       0x74 src/main.o
                0x08000290                usbInit
 .text.uart1Putc
                0x08000304       0x1c src/main.o
                0x08000304                uart1Putc
 .text.startup.main
                0x08000320       0x44 src/main.o
                0x08000320                main
 .text.SystemInit
                0x08000364      0x110 src/system_stm32f0xx.o
                0x08000364                SystemInit
 .text.Reset_Handler
                0x08000474       0x70 startup/startup_stm32f072.o
                0x08000474                Reset_Handler
 .text.Default_Handler
                0x080004e4        0x2 startup/startup_stm32f072.o
                0x080004e4                TIM1_CC_IRQHandler
                0x080004e4                TSC_IRQHandler
                0x080004e4                HardFault_Handler
                0x080004e4                ADC1_COMP_IRQHandler
                0x080004e4                SysTick_Handler
                0x080004e4                PendSV_Handler
                0x080004e4                NMI_Handler
                0x080004e4                I2C1_IRQHandler
                0x080004e4                RCC_CRS_IRQHandler
                0x080004e4                SPI1_IRQHandler
                0x080004e4                TIM6_DAC_IRQHandler
                0x080004e4                USART3_4_IRQHandler
                0x080004e4                EXTI2_3_IRQHandler
                0x080004e4                I2C2_IRQHandler
                0x080004e4                TIM17_IRQHandler
                0x080004e4                CEC_CAN_IRQHandler
                0x080004e4                RTC_IRQHandler
                0x080004e4                PVD_VDDIO2_IRQHandler
                0x080004e4                DMA1_Channel4_5_6_7_IRQHandler
                0x080004e4                TIM16_IRQHandler
                0x080004e4                TIM3_IRQHandler
                0x080004e4                EXTI4_15_IRQHandler
                0x080004e4                DMA1_Channel1_IRQHandler
                0x080004e4                Default_Handler
                0x080004e4                TIM14_IRQHandler
                0x080004e4                TIM7_IRQHandler
                0x080004e4                TIM15_IRQHandler
                0x080004e4                EXTI0_1_IRQHandler
                0x080004e4                USB_IRQHandler
                0x080004e4                SPI2_IRQHandler
                0x080004e4                SVC_Handler
                0x080004e4                WWDG_IRQHandler
                0x080004e4                TIM2_IRQHandler
                0x080004e4                DMA1_Channel2_3_IRQHandler
                0x080004e4                USART2_IRQHandler
                0x080004e4                FLASH_IRQHandler
                0x080004e4                USART1_IRQHandler
                0x080004e4                TIM1_BRK_UP_TRG_COM_IRQHandler
 *fill*         0x080004e6        0x2 
 .text.GPIO_Init
                0x080004e8       0xc0 C:\Users\Nick\Desktop\stm32M0\eclipseWorkSpace\nucleo-f072rb_stdperiph_lib\Release\libnucleo-f072rb_stdperiph_lib.a(stm32f0xx_gpio.o)
                0x080004e8                GPIO_Init
 .text.GPIO_ReadOutputDataBit
                0x080005a8       0x10 C:\Users\Nick\Desktop\stm32M0\eclipseWorkSpace\nucleo-f072rb_stdperiph_lib\Release\libnucleo-f072rb_stdperiph_lib.a(stm32f0xx_gpio.o)
                0x080005a8                GPIO_ReadOutputDataBit
 .text.GPIO_SetBits
                0x080005b8        0x4 C:\Users\Nick\Desktop\stm32M0\eclipseWorkSpace\nucleo-f072rb_stdperiph_lib\Release\libnucleo-f072rb_stdperiph_lib.a(stm32f0xx_gpio.o)
                0x080005b8                GPIO_SetBits
 .text.GPIO_ResetBits
                0x080005bc        0x4 C:\Users\Nick\Desktop\stm32M0\eclipseWorkSpace\nucleo-f072rb_stdperiph_lib\Release\libnucleo-f072rb_stdperiph_lib.a(stm32f0xx_gpio.o)
                0x080005bc                GPIO_ResetBits
 .text.GPIO_PinAFConfig
                0x080005c0       0x24 C:\Users\Nick\Desktop\stm32M0\eclipseWorkSpace\nucleo-f072rb_stdperiph_lib\Release\libnucleo-f072rb_stdperiph_lib.a(stm32f0xx_gpio.o)
                0x080005c0                GPIO_PinAFConfig
 .text.RCC_GetClocksFreq
                0x080005e4      0x150 C:\Users\Nick\Desktop\stm32M0\eclipseWorkSpace\nucleo-f072rb_stdperiph_lib\Release\libnucleo-f072rb_stdperiph_lib.a(stm32f0xx_rcc.o)
                0x080005e4                RCC_GetClocksFreq
 .text.RCC_AHBPeriphClockCmd
                0x08000734       0x1c C:\Users\Nick\Desktop\stm32M0\eclipseWorkSpace\nucleo-f072rb_stdperiph_lib\Release\libnucleo-f072rb_stdperiph_lib.a(stm32f0xx_rcc.o)
                0x08000734                RCC_AHBPeriphClockCmd
 .text.RCC_APB2PeriphClockCmd
                0x08000750       0x1c C:\Users\Nick\Desktop\stm32M0\eclipseWorkSpace\nucleo-f072rb_stdperiph_lib\Release\libnucleo-f072rb_stdperiph_lib.a(stm32f0xx_rcc.o)
                0x08000750                RCC_APB2PeriphClockCmd
 .text.USART_Init
                0x0800076c       0xb0 C:\Users\Nick\Desktop\stm32M0\eclipseWorkSpace\nucleo-f072rb_stdperiph_lib\Release\libnucleo-f072rb_stdperiph_lib.a(stm32f0xx_usart.o)
                0x0800076c                USART_Init
 .text.USART_StructInit
                0x0800081c       0x18 C:\Users\Nick\Desktop\stm32M0\eclipseWorkSpace\nucleo-f072rb_stdperiph_lib\Release\libnucleo-f072rb_stdperiph_lib.a(stm32f0xx_usart.o)
                0x0800081c                USART_StructInit
 .text.USART_Cmd
                0x08000834       0x18 C:\Users\Nick\Desktop\stm32M0\eclipseWorkSpace\nucleo-f072rb_stdperiph_lib\Release\libnucleo-f072rb_stdperiph_lib.a(stm32f0xx_usart.o)
                0x08000834                USART_Cmd
 .text.USART_SendData
                0x0800084c        0x8 C:\Users\Nick\Desktop\stm32M0\eclipseWorkSpace\nucleo-f072rb_stdperiph_lib\Release\libnucleo-f072rb_stdperiph_lib.a(stm32f0xx_usart.o)
                0x0800084c                USART_SendData
 .text.USART_GetFlagStatus
                0x08000854       0x10 C:\Users\Nick\Desktop\stm32M0\eclipseWorkSpace\nucleo-f072rb_stdperiph_lib\Release\libnucleo-f072rb_stdperiph_lib.a(stm32f0xx_usart.o)
                0x08000854                USART_GetFlagStatus
 .text.__libc_init_array
                0x08000864       0x48 c:/ac6/systemworkbench/plugins/fr.ac6.mcu.externaltools.arm-none.win32_1.12.0.201611241417/tools/compiler/bin/../lib/gcc/arm-none-eabi/5.4.1/../../../../arm-none-eabi/lib/armv6-m\libc.a(lib_a-init.o)
                0x08000864                __libc_init_array
 .text.startup.register_fini
                0x080008ac       0x18 c:/ac6/systemworkbench/plugins/fr.ac6.mcu.externaltools.arm-none.win32_1.12.0.201611241417/tools/compiler/bin/../lib/gcc/arm-none-eabi/5.4.1/../../../../arm-none-eabi/lib/armv6-m\libc.a(lib_a-__call_atexit.o)
 .text.atexit   0x080008c4       0x10 c:/ac6/systemworkbench/plugins/fr.ac6.mcu.externaltools.arm-none.win32_1.12.0.201611241417/tools/compiler/bin/../lib/gcc/arm-none-eabi/5.4.1/../../../../arm-none-eabi/lib/armv6-m\libc.a(lib_a-atexit.o)
                0x080008c4                atexit
 .text.__libc_fini_array
                0x080008d4       0x34 c:/ac6/systemworkbench/plugins/fr.ac6.mcu.externaltools.arm-none.win32_1.12.0.201611241417/tools/compiler/bin/../lib/gcc/arm-none-eabi/5.4.1/../../../../arm-none-eabi/lib/armv6-m\libc.a(lib_a-fini.o)
                0x080008d4                __libc_fini_array
 .text.__register_exitproc
                0x08000908       0xd4 c:/ac6/systemworkbench/plugins/fr.ac6.mcu.externaltools.arm-none.win32_1.12.0.201611241417/tools/compiler/bin/../lib/gcc/arm-none-eabi/5.4.1/../../../../arm-none-eabi/lib/armv6-m\libc.a(lib_a-__atexit.o)
                0x08000908                __register_exitproc
 *(.glue_7)
 .glue_7        0x080009dc        0x0 linker stubs
 *(.glue_7t)
 .glue_7t       0x080009dc        0x0 linker stubs
 *(.eh_frame)
 .eh_frame      0x080009dc        0x0 c:/ac6/systemworkbench/plugins/fr.ac6.mcu.externaltools.arm-none.win32_1.12.0.201611241417/tools/compiler/bin/../lib/gcc/arm-none-eabi/5.4.1/armv6-m/crtbegin.o
 *(.init)
 .init          0x080009dc        0x4 c:/ac6/systemworkbench/plugins/fr.ac6.mcu.externaltools.arm-none.win32_1.12.0.201611241417/tools/compiler/bin/../lib/gcc/arm-none-eabi/5.4.1/armv6-m/crti.o
                0x080009dc                _init
 .init          0x080009e0        0x8 c:/ac6/systemworkbench/plugins/fr.ac6.mcu.externaltools.arm-none.win32_1.12.0.201611241417/tools/compiler/bin/../lib/gcc/arm-none-eabi/5.4.1/armv6-m/crtn.o
 *(.fini)
 .fini          0x080009e8        0x4 c:/ac6/systemworkbench/plugins/fr.ac6.mcu.externaltools.arm-none.win32_1.12.0.201611241417/tools/compiler/bin/../lib/gcc/arm-none-eabi/5.4.1/armv6-m/crti.o
                0x080009e8                _fini
 .fini          0x080009ec        0x8 c:/ac6/systemworkbench/plugins/fr.ac6.mcu.externaltools.arm-none.win32_1.12.0.201611241417/tools/compiler/bin/../lib/gcc/arm-none-eabi/5.4.1/armv6-m/crtn.o
                0x080009f4                . = ALIGN (0x4)
                0x080009f4                _etext = .

.vfp11_veneer   0x080009f4        0x0
 .vfp11_veneer  0x080009f4        0x0 linker stubs

.v4_bx          0x080009f4        0x0
 .v4_bx         0x080009f4        0x0 linker stubs

.iplt           0x080009f4        0x0
 .iplt          0x080009f4        0x0 c:/ac6/systemworkbench/plugins/fr.ac6.mcu.externaltools.arm-none.win32_1.12.0.201611241417/tools/compiler/bin/../lib/gcc/arm-none-eabi/5.4.1/armv6-m/crtbegin.o

.rodata         0x080009f4        0x8
                0x080009f4                . = ALIGN (0x4)
 *(.rodata)
 *(.rodata*)
 .rodata.str1.4
                0x080009f4        0x4 c:/ac6/systemworkbench/plugins/fr.ac6.mcu.externaltools.arm-none.win32_1.12.0.201611241417/tools/compiler/bin/../lib/gcc/arm-none-eabi/5.4.1/../../../../arm-none-eabi/lib/armv6-m\libc.a(lib_a-impure.o)
                                  0x2 (size before relaxing)
 .rodata._global_impure_ptr
                0x080009f8        0x4 c:/ac6/systemworkbench/plugins/fr.ac6.mcu.externaltools.arm-none.win32_1.12.0.201611241417/tools/compiler/bin/../lib/gcc/arm-none-eabi/5.4.1/../../../../arm-none-eabi/lib/armv6-m\libc.a(lib_a-impure.o)
                0x080009f8                _global_impure_ptr
                0x080009fc                . = ALIGN (0x4)

.rel.dyn        0x080009fc        0x0
 .rel.iplt      0x080009fc        0x0 c:/ac6/systemworkbench/plugins/fr.ac6.mcu.externaltools.arm-none.win32_1.12.0.201611241417/tools/compiler/bin/../lib/gcc/arm-none-eabi/5.4.1/armv6-m/crtbegin.o

.ARM.extab
 *(.ARM.extab* .gnu.linkonce.armextab.*)

.ARM            0x080009fc        0x0
                0x080009fc                __exidx_start = .
 *(.ARM.exidx*)
                0x080009fc                __exidx_end = .

.preinit_array  0x080009fc        0x0
                0x080009fc                PROVIDE (__preinit_array_start, .)
 *(.preinit_array*)
                0x080009fc                PROVIDE (__preinit_array_end, .)

.init_array     0x080009fc        0x8
                0x080009fc                PROVIDE (__init_array_start, .)
 *(SORT(.init_array.*))
 .init_array.00000
                0x080009fc        0x4 c:/ac6/systemworkbench/plugins/fr.ac6.mcu.externaltools.arm-none.win32_1.12.0.201611241417/tools/compiler/bin/../lib/gcc/arm-none-eabi/5.4.1/../../../../arm-none-eabi/lib/armv6-m\libc.a(lib_a-__call_atexit.o)
 *(.init_array*)
 .init_array    0x08000a00        0x4 c:/ac6/systemworkbench/plugins/fr.ac6.mcu.externaltools.arm-none.win32_1.12.0.201611241417/tools/compiler/bin/../lib/gcc/arm-none-eabi/5.4.1/armv6-m/crtbegin.o
                0x08000a04                PROVIDE (__init_array_end, .)

.fini_array     0x08000a04        0x4
                0x08000a04                PROVIDE (__fini_array_start, .)
 *(SORT(.fini_array.*))
 *(.fini_array*)
 .fini_array    0x08000a04        0x4 c:/ac6/systemworkbench/plugins/fr.ac6.mcu.externaltools.arm-none.win32_1.12.0.201611241417/tools/compiler/bin/../lib/gcc/arm-none-eabi/5.4.1/armv6-m/crtbegin.o
                0x08000a08                PROVIDE (__fini_array_end, .)
                0x08000a08                _sidata = LOADADDR (.data)

.data           0x20000000      0x438 load address 0x08000a08
                0x20000000                . = ALIGN (0x4)
                0x20000000                _sdata = .
 *(.data)
 .data          0x20000000       0x10 C:\Users\Nick\Desktop\stm32M0\eclipseWorkSpace\nucleo-f072rb_stdperiph_lib\Release\libnucleo-f072rb_stdperiph_lib.a(stm32f0xx_rcc.o)
 *(.data*)
 .data.impure_data
                0x20000010      0x428 c:/ac6/systemworkbench/plugins/fr.ac6.mcu.externaltools.arm-none.win32_1.12.0.201611241417/tools/compiler/bin/../lib/gcc/arm-none-eabi/5.4.1/../../../../arm-none-eabi/lib/armv6-m\libc.a(lib_a-impure.o)
                0x20000438                . = ALIGN (0x4)
                0x20000438                _edata = .

.jcr            0x20000438        0x0 load address 0x08000e40
 .jcr           0x20000438        0x0 c:/ac6/systemworkbench/plugins/fr.ac6.mcu.externaltools.arm-none.win32_1.12.0.201611241417/tools/compiler/bin/../lib/gcc/arm-none-eabi/5.4.1/armv6-m/crtbegin.o

.igot.plt       0x20000438        0x0 load address 0x08000e40
 .igot.plt      0x20000438        0x0 c:/ac6/systemworkbench/plugins/fr.ac6.mcu.externaltools.arm-none.win32_1.12.0.201611241417/tools/compiler/bin/../lib/gcc/arm-none-eabi/5.4.1/armv6-m/crtbegin.o
                0x20000438                . = ALIGN (0x4)

.bss            0x20000438       0x1c load address 0x08000e40
                0x20000438                _sbss = .
                0x20000438                __bss_start__ = _sbss
 *(.bss)
 .bss           0x20000438       0x1c c:/ac6/systemworkbench/plugins/fr.ac6.mcu.externaltools.arm-none.win32_1.12.0.201611241417/tools/compiler/bin/../lib/gcc/arm-none-eabi/5.4.1/armv6-m/crtbegin.o
 *(.bss*)
 *(COMMON)
                0x20000454                . = ALIGN (0x4)
                0x20000454                _ebss = .
                0x20000454                __bss_end__ = _ebss

._user_heap_stack
                0x20000454      0x804 load address 0x08000e40
                0x20000458                . = ALIGN (0x8)
 *fill*         0x20000454        0x4 
                0x20000458                PROVIDE (end, .)
                [!provide]                PROVIDE (_end, .)
                0x20000458                . = (. + _Min_Heap_Size)
                0x20000c58                . = (. + _Min_Stack_Size)
 *fill*         0x20000458      0x800 
                0x20000c58                . = ALIGN (0x8)

/DISCARD/
 libc.a(*)
 libm.a(*)
 libgcc.a(*)

.ARM.attributes
                0x00000000       0x28
 *(.ARM.attributes)
 .ARM.attributes
                0x00000000       0x1e c:/ac6/systemworkbench/plugins/fr.ac6.mcu.externaltools.arm-none.win32_1.12.0.201611241417/tools/compiler/bin/../lib/gcc/arm-none-eabi/5.4.1/armv6-m/crti.o
 .ARM.attributes
                0x0000001e       0x2c c:/ac6/systemworkbench/plugins/fr.ac6.mcu.externaltools.arm-none.win32_1.12.0.201611241417/tools/compiler/bin/../lib/gcc/arm-none-eabi/5.4.1/armv6-m/crtbegin.o
 .ARM.attributes
                0x0000004a       0x31 src/main.o
 .ARM.attributes
                0x0000007b       0x31 src/system_stm32f0xx.o
 .ARM.attributes
                0x000000ac       0x21 startup/startup_stm32f072.o
 .ARM.attributes
                0x000000cd       0x31 C:\Users\Nick\Desktop\stm32M0\eclipseWorkSpace\nucleo-f072rb_stdperiph_lib\Release\libnucleo-f072rb_stdperiph_lib.a(stm32f0xx_gpio.o)
 .ARM.attributes
                0x000000fe       0x31 C:\Users\Nick\Desktop\stm32M0\eclipseWorkSpace\nucleo-f072rb_stdperiph_lib\Release\libnucleo-f072rb_stdperiph_lib.a(stm32f0xx_rcc.o)
 .ARM.attributes
                0x0000012f       0x31 C:\Users\Nick\Desktop\stm32M0\eclipseWorkSpace\nucleo-f072rb_stdperiph_lib\Release\libnucleo-f072rb_stdperiph_lib.a(stm32f0xx_usart.o)
 .ARM.attributes
                0x00000160       0x1e c:/ac6/systemworkbench/plugins/fr.ac6.mcu.externaltools.arm-none.win32_1.12.0.201611241417/tools/compiler/bin/../lib/gcc/arm-none-eabi/5.4.1/armv6-m\libgcc.a(_udivsi3.o)
 .ARM.attributes
                0x0000017e       0x1e c:/ac6/systemworkbench/plugins/fr.ac6.mcu.externaltools.arm-none.win32_1.12.0.201611241417/tools/compiler/bin/../lib/gcc/arm-none-eabi/5.4.1/armv6-m\libgcc.a(_dvmd_tls.o)
 .ARM.attributes
                0x0000019c       0x2c c:/ac6/systemworkbench/plugins/fr.ac6.mcu.externaltools.arm-none.win32_1.12.0.201611241417/tools/compiler/bin/../lib/gcc/arm-none-eabi/5.4.1/../../../../arm-none-eabi/lib/armv6-m\libc.a(lib_a-impure.o)
 .ARM.attributes
                0x000001c8       0x2c c:/ac6/systemworkbench/plugins/fr.ac6.mcu.externaltools.arm-none.win32_1.12.0.201611241417/tools/compiler/bin/../lib/gcc/arm-none-eabi/5.4.1/../../../../arm-none-eabi/lib/armv6-m\libc.a(lib_a-init.o)
 .ARM.attributes
                0x000001f4       0x2c c:/ac6/systemworkbench/plugins/fr.ac6.mcu.externaltools.arm-none.win32_1.12.0.201611241417/tools/compiler/bin/../lib/gcc/arm-none-eabi/5.4.1/../../../../arm-none-eabi/lib/armv6-m\libc.a(lib_a-__call_atexit.o)
 .ARM.attributes
                0x00000220       0x2c c:/ac6/systemworkbench/plugins/fr.ac6.mcu.externaltools.arm-none.win32_1.12.0.201611241417/tools/compiler/bin/../lib/gcc/arm-none-eabi/5.4.1/../../../../arm-none-eabi/lib/armv6-m\libc.a(lib_a-atexit.o)
 .ARM.attributes
                0x0000024c       0x2c c:/ac6/systemworkbench/plugins/fr.ac6.mcu.externaltools.arm-none.win32_1.12.0.201611241417/tools/compiler/bin/../lib/gcc/arm-none-eabi/5.4.1/../../../../arm-none-eabi/lib/armv6-m\libc.a(lib_a-fini.o)
 .ARM.attributes
                0x00000278       0x2c c:/ac6/systemworkbench/plugins/fr.ac6.mcu.externaltools.arm-none.win32_1.12.0.201611241417/tools/compiler/bin/../lib/gcc/arm-none-eabi/5.4.1/../../../../arm-none-eabi/lib/armv6-m\libc.a(lib_a-__atexit.o)
 .ARM.attributes
                0x000002a4       0x1e c:/ac6/systemworkbench/plugins/fr.ac6.mcu.externaltools.arm-none.win32_1.12.0.201611241417/tools/compiler/bin/../lib/gcc/arm-none-eabi/5.4.1/armv6-m/crtn.o
OUTPUT(test.elf elf32-littlearm)

.comment        0x00000000       0x6e
 .comment       0x00000000       0x6e src/main.o
                                 0x6f (size before relaxing)
 .comment       0x0000006e       0x6f src/system_stm32f0xx.o
 .comment       0x0000006e       0x6f C:\Users\Nick\Desktop\stm32M0\eclipseWorkSpace\nucleo-f072rb_stdperiph_lib\Release\libnucleo-f072rb_stdperiph_lib.a(stm32f0xx_gpio.o)
 .comment       0x0000006e       0x6f C:\Users\Nick\Desktop\stm32M0\eclipseWorkSpace\nucleo-f072rb_stdperiph_lib\Release\libnucleo-f072rb_stdperiph_lib.a(stm32f0xx_rcc.o)
 .comment       0x0000006e       0x6f C:\Users\Nick\Desktop\stm32M0\eclipseWorkSpace\nucleo-f072rb_stdperiph_lib\Release\libnucleo-f072rb_stdperiph_lib.a(stm32f0xx_usart.o)

.debug_frame    0x00000000      0x130
 .debug_frame   0x00000000       0x20 c:/ac6/systemworkbench/plugins/fr.ac6.mcu.externaltools.arm-none.win32_1.12.0.201611241417/tools/compiler/bin/../lib/gcc/arm-none-eabi/5.4.1/armv6-m\libgcc.a(_udivsi3.o)
 .debug_frame   0x00000020       0x2c c:/ac6/systemworkbench/plugins/fr.ac6.mcu.externaltools.arm-none.win32_1.12.0.201611241417/tools/compiler/bin/../lib/gcc/arm-none-eabi/5.4.1/../../../../arm-none-eabi/lib/armv6-m\libc.a(lib_a-init.o)
 .debug_frame   0x0000004c       0x54 c:/ac6/systemworkbench/plugins/fr.ac6.mcu.externaltools.arm-none.win32_1.12.0.201611241417/tools/compiler/bin/../lib/gcc/arm-none-eabi/5.4.1/../../../../arm-none-eabi/lib/armv6-m\libc.a(lib_a-__call_atexit.o)
 .debug_frame   0x000000a0       0x28 c:/ac6/systemworkbench/plugins/fr.ac6.mcu.externaltools.arm-none.win32_1.12.0.201611241417/tools/compiler/bin/../lib/gcc/arm-none-eabi/5.4.1/../../../../arm-none-eabi/lib/armv6-m\libc.a(lib_a-atexit.o)
 .debug_frame   0x000000c8       0x2c c:/ac6/systemworkbench/plugins/fr.ac6.mcu.externaltools.arm-none.win32_1.12.0.201611241417/tools/compiler/bin/../lib/gcc/arm-none-eabi/5.4.1/../../../../arm-none-eabi/lib/armv6-m\libc.a(lib_a-fini.o)
 .debug_frame   0x000000f4       0x3c c:/ac6/systemworkbench/plugins/fr.ac6.mcu.externaltools.arm-none.win32_1.12.0.201611241417/tools/compiler/bin/../lib/gcc/arm-none-eabi/5.4.1/../../../../arm-none-eabi/lib/armv6-m\libc.a(lib_a-__atexit.o)
